[
  {
    "id": 123,
    "nome": "Resta 1",
    "proprietario": "ID do Keycloak1"
  },
  {
    "id": 456,
    "nome": "Resta 2",
    "proprietario": "ID do Keycloak2"
  }
]